main.c:81:6:servo_angle	16	static
main.c:98:5:main	16	static
main.c:160:6:SystemClock_Config	88	static
main.c:205:13:MX_CAN1_Init	8	static
main.c:242:13:MX_I2C1_Init	8	static
main.c:276:13:MX_TIM1_Init	80	static
main.c:341:13:MX_TIM8_Init	80	static
main.c:406:13:MX_TIM12_Init	40	static
main.c:448:13:MX_UART4_Init	8	static
main.c:481:13:MX_UART5_Init	8	static
main.c:514:13:MX_USART2_UART_Init	8	static
main.c:547:13:MX_USART6_UART_Init	8	static
main.c:580:13:MX_GPIO_Init	48	static
main.c:630:6:Error_Handler	4	static
