main.c:81:6:servo_angle	16	static
main.c:91:6:relay_test	8	static
main.c:107:5:main	16	static
main.c:171:6:SystemClock_Config	88	static
main.c:216:13:MX_CAN1_Init	8	static
main.c:253:13:MX_I2C1_Init	8	static
main.c:287:13:MX_TIM1_Init	80	static
main.c:352:13:MX_TIM8_Init	80	static
main.c:417:13:MX_TIM12_Init	40	static
main.c:459:13:MX_UART4_Init	8	static
main.c:492:13:MX_UART5_Init	8	static
main.c:525:13:MX_USART2_UART_Init	8	static
main.c:558:13:MX_USART6_UART_Init	8	static
main.c:591:13:MX_GPIO_Init	48	static
main.c:641:6:Error_Handler	4	static
