main.c:85:6:servo_angle	16	static
main.c:95:6:relay_test	8	static
main.c:114:5:main	40	static
main.c:186:6:SystemClock_Config	88	static
main.c:231:13:MX_CAN1_Init	8	static
main.c:268:13:MX_I2C1_Init	8	static
main.c:302:13:MX_TIM1_Init	80	static
main.c:367:13:MX_TIM8_Init	80	static
main.c:432:13:MX_TIM12_Init	40	static
main.c:474:13:MX_UART4_Init	8	static
main.c:507:13:MX_UART5_Init	8	static
main.c:540:13:MX_USART2_UART_Init	8	static
main.c:573:13:MX_USART6_UART_Init	8	static
main.c:606:13:MX_GPIO_Init	48	static
main.c:656:6:Error_Handler	4	static
